// Jest Snapshot v1, https://goo.gl/fbAQLP

exports[`<NavbarNav /> component should render component 1`] = `
<div>
  <div
    class="collapse navbar-collapse"
    id="navbarNav"
  >
    <ul
      class="navbar-nav"
    >
      <a
        class="nav-link  undefined"
        href="/test"
      >
        test
      </a>
    </ul>
  </div>
</div>
`;
