// Jest Snapshot v1, https://goo.gl/fbAQLP

exports[`<UserItem /> component should render component 1`] = `
<div>
  <div
    class="user-list"
  >
    <ul
      class="list-group"
    >
      <li
        class="list-group-item card-item"
      >
        <div
          class="card-item__content"
        >
          <div>
            <blockquote
              class="blockquote"
            >
              <p
                class="font-16"
              >
                Description item
              </p>
            </blockquote>
            <figcaption
              class="blockquote-footer"
            >
              <cite
                title="Source Title"
              />
            </figcaption>
          </div>
          <div
            class="item-info__aditional"
          >
            <p
              class="text-primary font-14"
            >
              test
            </p>
          </div>
        </div>
      </li>
    </ul>
  </div>
</div>
`;
